[kalynnakano.com/index.html]
[backblue.gif]
[fade.gif]
[index.html]
[kalynnakano.com/css/style.css]
[kalynnakano.com/dist/magnific-popup970d.css]
[www.google-analytics.com/analytics.js]
[kalynnakano.com/img/big.png]
[kalynnakano.com/kalynnakano.pdf]
[kalynnakano.com/img/companies/usc2.jpg]
[kalynnakano.com/img/companies/sorbonne.png]
[kalynnakano.com/img/companies/fcat.png]
[kalynnakano.com/img/companies/roski.png]
[kalynnakano.com/img/companies/intuit.png]
[kalynnakano.com/img/companies/tricky.png]
[kalynnakano.com/img/companies/uptrending.png]
[kalynnakano.com/img/portfolio/happen.png]
[kalynnakano.com/img/portfolio/bike2.png]
[kalynnakano.com/img/portfolio/labs2.png]
[kalynnakano.com/img/portfolio/xx_03.png]
[kalynnakano.com/visualizer/xx.html]
[kalynnakano.com/img/portfolio/cube2.png]
[ajax.googleapis.com/ajax/libs/jquery/1.7.2/jquery.min.js]
[kalynnakano.com/js/jquery.fixedTOCc3db.js]
[kalynnakano.com/dist/jquery.magnific-popup970d.js]
[kalynnakano.com/index.html]
[fonts.googleapis.com/csse3e5.css]
[fonts.googleapis.com/css423e.css]
[fonts.googleapis.com/css34c3.css]
[kalynnakano.com/visualizer/css/xx.css]
[kalynnakano.com/visualizer/js/jquery-2.0.0.min.js]
[kalynnakano.com/visualizer/js/OrbitControls-xx.js]
[kalynnakano.com/visualizer/js/xx.js]
[kalynnakano.com/visualizer/xx.html]
[fonts.googleapis.com/cssc9da.css]
[kalynnakano.com/visualizer/js/audio-xx.js]
[kalynnakano.com/css/style.css]
[kalynnakano.com/dist/magnific-popup970d.css]
[kalynnakano.com/visualizer/xx.html]
[kalynnakano.com/visualizer/js/three.min.js]
[kalynnakano.com/img/companies/ideo-3.png]
[kalynnakano.com/img/portfolio/apollo2.png]
[kalynnakano.com/img/portfolio/cube2.png]
[kalynnakano.com/img/portfolio/homefit.png]
[fonts.googleapis.com/cssc9da.css]
[kalynnakano.com/visualizer/css/xx.css]
[kalynnakano.com/visualizer/images/play.png]
